// Jest Snapshot v1, https://goo.gl/fbAQLP

exports[`Custom Touchable Opacity tests should match with snapshot 1`] = `
<View
  accessibilityState={
    {
      "busy": undefined,
      "checked": undefined,
      "disabled": undefined,
      "expanded": undefined,
      "selected": undefined,
    }
  }
  accessibilityValue={
    {
      "max": undefined,
      "min": undefined,
      "now": undefined,
      "text": undefined,
    }
  }
  accessible={true}
  collapsable={false}
  focusable={false}
  onClick={[Function]}
  onResponderGrant={[Function]}
  onResponderMove={[Function]}
  onResponderRelease={[Function]}
  onResponderTerminate={[Function]}
  onResponderTerminationRequest={[Function]}
  onStartShouldSetResponder={[Function]}
  style={
    {
      "alignItems": "center",
      "backgroundColor": "#FF6464",
      "borderRadius": 30,
      "justifyContent": "center",
      "opacity": 1,
      "paddingVertical": 20,
      "width": 690,
    }
  }
  testID="button"
>
  <Text
    style={
      [
        {
          "color": "#FFFFFF",
          "fontFamily": "PlusJakartaSans-Bold",
          "fontSize": 15,
        },
        undefined,
      ]
    }
    testID="buttonText"
  />
</View>
`;
